--------------------------------------------------------------------------------
Release 14.7 Trace  (nt)
Copyright (c) 1995-2013 Xilinx, Inc.  All rights reserved.

C:\Xilinx\14.7\ISE_DS\ISE\bin\nt\unwrapped\trce.exe -intstyle ise -v 3 -s 2 -n
3 -fastpaths -xml top.twx top.ncd -o top.twr top.pcf

Design file:              top.ncd
Physical constraint file: top.pcf
Device,package,speed:     xc6slx9,tqg144,C,-2 (PRODUCTION 1.23 2013-10-13)
Report level:             verbose report

Environment Variable      Effect 
--------------------      ------ 
NONE                      No environment variables were set
--------------------------------------------------------------------------------

INFO:Timing:3412 - To improve timing, see the Timing Closure User Guide (UG612).
INFO:Timing:2752 - To get complete path coverage, use the unconstrained paths 
   option. All paths that are not constrained will be reported in the 
   unconstrained paths section(s) of the report.
INFO:Timing:3339 - The clock-to-out numbers in this timing report are based on 
   a 50 Ohm transmission line loading model.  For the details of this model, 
   and for more information on accounting for different loading conditions, 
   please see the device datasheet.

================================================================================
Timing constraint: TS_clk_in = PERIOD TIMEGRP "clk_in" 100 MHz HIGH 50%;
For more information, see Period Analysis in the Timing Closure User Guide (UG612).

 86 paths analyzed, 77 endpoints analyzed, 0 failing endpoints
 0 timing errors detected. (0 setup errors, 0 hold errors, 0 component switching limit errors)
 Minimum period is   4.728ns.
--------------------------------------------------------------------------------

Paths for end point bus_system_inst/chr_mem_we_out_0 (SLICE_X18Y39.SR), 4 paths
--------------------------------------------------------------------------------
Slack (setup path):     5.272ns (requirement - (data path - clock path skew + uncertainty))
  Source:               bus_system_inst/strb_sr_1 (FF)
  Destination:          bus_system_inst/chr_mem_we_out_0 (FF)
  Requirement:          10.000ns
  Data Path Delay:      4.571ns (Levels of Logic = 1)
  Clock Path Skew:      -0.122ns (0.589 - 0.711)
  Source Clock:         bus_clk rising at 0.000ns
  Destination Clock:    bus_clk rising at 10.000ns
  Clock Uncertainty:    0.035ns

  Clock Uncertainty:          0.035ns  ((TSJ^2 + TIJ^2)^1/2 + DJ) / 2 + PE
    Total System Jitter (TSJ):  0.070ns
    Total Input Jitter (TIJ):   0.000ns
    Discrete Jitter (DJ):       0.000ns
    Phase Error (PE):           0.000ns

  Maximum Data Path at Slow Process Corner: bus_system_inst/strb_sr_1 to bus_system_inst/chr_mem_we_out_0
    Location             Delay type         Delay(ns)  Physical Resource
                                                       Logical Resource(s)
    -------------------------------------------------  -------------------
    SLICE_X4Y55.BQ       Tcko                  0.525   bus_system_inst/strb_sr<1>
                                                       bus_system_inst/strb_sr_1
    SLICE_X4Y55.D2       net (fanout=1)        1.033   bus_system_inst/strb_sr<1>
    SLICE_X4Y55.DMUX     Tilo                  0.326   bus_system_inst/strb_sr<1>
                                                       bus_system_inst/ce_n_rnw_AND_2_o_inv1
    SLICE_X18Y39.SR      net (fanout=2)        2.269   bus_system_inst/ce_n_rnw_AND_2_o_inv
    SLICE_X18Y39.CLK     Tsrck                 0.418   bus_system_inst/chr_mem_we_out_0
                                                       bus_system_inst/chr_mem_we_out_0
    -------------------------------------------------  ---------------------------
    Total                                      4.571ns (1.269ns logic, 3.302ns route)
                                                       (27.8% logic, 72.2% route)

--------------------------------------------------------------------------------
Slack (setup path):     5.330ns (requirement - (data path - clock path skew + uncertainty))
  Source:               bus_system_inst/strb_sr_0 (FF)
  Destination:          bus_system_inst/chr_mem_we_out_0 (FF)
  Requirement:          10.000ns
  Data Path Delay:      4.513ns (Levels of Logic = 1)
  Clock Path Skew:      -0.122ns (0.589 - 0.711)
  Source Clock:         bus_clk rising at 0.000ns
  Destination Clock:    bus_clk rising at 10.000ns
  Clock Uncertainty:    0.035ns

  Clock Uncertainty:          0.035ns  ((TSJ^2 + TIJ^2)^1/2 + DJ) / 2 + PE
    Total System Jitter (TSJ):  0.070ns
    Total Input Jitter (TIJ):   0.000ns
    Discrete Jitter (DJ):       0.000ns
    Phase Error (PE):           0.000ns

  Maximum Data Path at Slow Process Corner: bus_system_inst/strb_sr_0 to bus_system_inst/chr_mem_we_out_0
    Location             Delay type         Delay(ns)  Physical Resource
                                                       Logical Resource(s)
    -------------------------------------------------  -------------------
    SLICE_X4Y55.AQ       Tcko                  0.525   bus_system_inst/strb_sr<1>
                                                       bus_system_inst/strb_sr_0
    SLICE_X4Y55.D4       net (fanout=2)        0.975   bus_system_inst/strb_sr<0>
    SLICE_X4Y55.DMUX     Tilo                  0.326   bus_system_inst/strb_sr<1>
                                                       bus_system_inst/ce_n_rnw_AND_2_o_inv1
    SLICE_X18Y39.SR      net (fanout=2)        2.269   bus_system_inst/ce_n_rnw_AND_2_o_inv
    SLICE_X18Y39.CLK     Tsrck                 0.418   bus_system_inst/chr_mem_we_out_0
                                                       bus_system_inst/chr_mem_we_out_0
    -------------------------------------------------  ---------------------------
    Total                                      4.513ns (1.269ns logic, 3.244ns route)
                                                       (28.1% logic, 71.9% route)

--------------------------------------------------------------------------------
Slack (setup path):     5.452ns (requirement - (data path - clock path skew + uncertainty))
  Source:               bus_system_inst/rnw (FF)
  Destination:          bus_system_inst/chr_mem_we_out_0 (FF)
  Requirement:          10.000ns
  Data Path Delay:      4.384ns (Levels of Logic = 1)
  Clock Path Skew:      -0.129ns (0.589 - 0.718)
  Source Clock:         bus_clk rising at 0.000ns
  Destination Clock:    bus_clk rising at 10.000ns
  Clock Uncertainty:    0.035ns

  Clock Uncertainty:          0.035ns  ((TSJ^2 + TIJ^2)^1/2 + DJ) / 2 + PE
    Total System Jitter (TSJ):  0.070ns
    Total Input Jitter (TIJ):   0.000ns
    Discrete Jitter (DJ):       0.000ns
    Phase Error (PE):           0.000ns

  Maximum Data Path at Slow Process Corner: bus_system_inst/rnw to bus_system_inst/chr_mem_we_out_0
    Location             Delay type         Delay(ns)  Physical Resource
                                                       Logical Resource(s)
    -------------------------------------------------  -------------------
    SLICE_X2Y56.AQ       Tcko                  0.476   bus_system_inst/rnw
                                                       bus_system_inst/rnw
    SLICE_X4Y55.D5       net (fanout=1)        0.895   bus_system_inst/rnw
    SLICE_X4Y55.DMUX     Tilo                  0.326   bus_system_inst/strb_sr<1>
                                                       bus_system_inst/ce_n_rnw_AND_2_o_inv1
    SLICE_X18Y39.SR      net (fanout=2)        2.269   bus_system_inst/ce_n_rnw_AND_2_o_inv
    SLICE_X18Y39.CLK     Tsrck                 0.418   bus_system_inst/chr_mem_we_out_0
                                                       bus_system_inst/chr_mem_we_out_0
    -------------------------------------------------  ---------------------------
    Total                                      4.384ns (1.220ns logic, 3.164ns route)
                                                       (27.8% logic, 72.2% route)

--------------------------------------------------------------------------------

Paths for end point bus_system_inst/attr_mem_we_out_0 (SLICE_X18Y39.SR), 4 paths
--------------------------------------------------------------------------------
Slack (setup path):     5.307ns (requirement - (data path - clock path skew + uncertainty))
  Source:               bus_system_inst/strb_sr_1 (FF)
  Destination:          bus_system_inst/attr_mem_we_out_0 (FF)
  Requirement:          10.000ns
  Data Path Delay:      4.536ns (Levels of Logic = 1)
  Clock Path Skew:      -0.122ns (0.589 - 0.711)
  Source Clock:         bus_clk rising at 0.000ns
  Destination Clock:    bus_clk rising at 10.000ns
  Clock Uncertainty:    0.035ns

  Clock Uncertainty:          0.035ns  ((TSJ^2 + TIJ^2)^1/2 + DJ) / 2 + PE
    Total System Jitter (TSJ):  0.070ns
    Total Input Jitter (TIJ):   0.000ns
    Discrete Jitter (DJ):       0.000ns
    Phase Error (PE):           0.000ns

  Maximum Data Path at Slow Process Corner: bus_system_inst/strb_sr_1 to bus_system_inst/attr_mem_we_out_0
    Location             Delay type         Delay(ns)  Physical Resource
                                                       Logical Resource(s)
    -------------------------------------------------  -------------------
    SLICE_X4Y55.BQ       Tcko                  0.525   bus_system_inst/strb_sr<1>
                                                       bus_system_inst/strb_sr_1
    SLICE_X4Y55.D2       net (fanout=1)        1.033   bus_system_inst/strb_sr<1>
    SLICE_X4Y55.DMUX     Tilo                  0.326   bus_system_inst/strb_sr<1>
                                                       bus_system_inst/ce_n_rnw_AND_2_o_inv1
    SLICE_X18Y39.SR      net (fanout=2)        2.269   bus_system_inst/ce_n_rnw_AND_2_o_inv
    SLICE_X18Y39.CLK     Tsrck                 0.383   bus_system_inst/chr_mem_we_out_0
                                                       bus_system_inst/attr_mem_we_out_0
    -------------------------------------------------  ---------------------------
    Total                                      4.536ns (1.234ns logic, 3.302ns route)
                                                       (27.2% logic, 72.8% route)

--------------------------------------------------------------------------------
Slack (setup path):     5.365ns (requirement - (data path - clock path skew + uncertainty))
  Source:               bus_system_inst/strb_sr_0 (FF)
  Destination:          bus_system_inst/attr_mem_we_out_0 (FF)
  Requirement:          10.000ns
  Data Path Delay:      4.478ns (Levels of Logic = 1)
  Clock Path Skew:      -0.122ns (0.589 - 0.711)
  Source Clock:         bus_clk rising at 0.000ns
  Destination Clock:    bus_clk rising at 10.000ns
  Clock Uncertainty:    0.035ns

  Clock Uncertainty:          0.035ns  ((TSJ^2 + TIJ^2)^1/2 + DJ) / 2 + PE
    Total System Jitter (TSJ):  0.070ns
    Total Input Jitter (TIJ):   0.000ns
    Discrete Jitter (DJ):       0.000ns
    Phase Error (PE):           0.000ns

  Maximum Data Path at Slow Process Corner: bus_system_inst/strb_sr_0 to bus_system_inst/attr_mem_we_out_0
    Location             Delay type         Delay(ns)  Physical Resource
                                                       Logical Resource(s)
    -------------------------------------------------  -------------------
    SLICE_X4Y55.AQ       Tcko                  0.525   bus_system_inst/strb_sr<1>
                                                       bus_system_inst/strb_sr_0
    SLICE_X4Y55.D4       net (fanout=2)        0.975   bus_system_inst/strb_sr<0>
    SLICE_X4Y55.DMUX     Tilo                  0.326   bus_system_inst/strb_sr<1>
                                                       bus_system_inst/ce_n_rnw_AND_2_o_inv1
    SLICE_X18Y39.SR      net (fanout=2)        2.269   bus_system_inst/ce_n_rnw_AND_2_o_inv
    SLICE_X18Y39.CLK     Tsrck                 0.383   bus_system_inst/chr_mem_we_out_0
                                                       bus_system_inst/attr_mem_we_out_0
    -------------------------------------------------  ---------------------------
    Total                                      4.478ns (1.234ns logic, 3.244ns route)
                                                       (27.6% logic, 72.4% route)

--------------------------------------------------------------------------------
Slack (setup path):     5.487ns (requirement - (data path - clock path skew + uncertainty))
  Source:               bus_system_inst/rnw (FF)
  Destination:          bus_system_inst/attr_mem_we_out_0 (FF)
  Requirement:          10.000ns
  Data Path Delay:      4.349ns (Levels of Logic = 1)
  Clock Path Skew:      -0.129ns (0.589 - 0.718)
  Source Clock:         bus_clk rising at 0.000ns
  Destination Clock:    bus_clk rising at 10.000ns
  Clock Uncertainty:    0.035ns

  Clock Uncertainty:          0.035ns  ((TSJ^2 + TIJ^2)^1/2 + DJ) / 2 + PE
    Total System Jitter (TSJ):  0.070ns
    Total Input Jitter (TIJ):   0.000ns
    Discrete Jitter (DJ):       0.000ns
    Phase Error (PE):           0.000ns

  Maximum Data Path at Slow Process Corner: bus_system_inst/rnw to bus_system_inst/attr_mem_we_out_0
    Location             Delay type         Delay(ns)  Physical Resource
                                                       Logical Resource(s)
    -------------------------------------------------  -------------------
    SLICE_X2Y56.AQ       Tcko                  0.476   bus_system_inst/rnw
                                                       bus_system_inst/rnw
    SLICE_X4Y55.D5       net (fanout=1)        0.895   bus_system_inst/rnw
    SLICE_X4Y55.DMUX     Tilo                  0.326   bus_system_inst/strb_sr<1>
                                                       bus_system_inst/ce_n_rnw_AND_2_o_inv1
    SLICE_X18Y39.SR      net (fanout=2)        2.269   bus_system_inst/ce_n_rnw_AND_2_o_inv
    SLICE_X18Y39.CLK     Tsrck                 0.383   bus_system_inst/chr_mem_we_out_0
                                                       bus_system_inst/attr_mem_we_out_0
    -------------------------------------------------  ---------------------------
    Total                                      4.349ns (1.185ns logic, 3.164ns route)
                                                       (27.2% logic, 72.8% route)

--------------------------------------------------------------------------------

Paths for end point attributes_mem_inst/U0/xst_blk_mem_generator/gnativebmg.native_blk_mem_gen/valid.cstr/ramloop[0].ram.r/s6_init.ram/TRUE_DP.PRIM18.ram (RAMB16_X1Y20.ADDRA12), 1 path
--------------------------------------------------------------------------------
Slack (setup path):     5.636ns (requirement - (data path - clock path skew + uncertainty))
  Source:               bus_system_inst/chr_mem_bus_addr_out_9 (FF)
  Destination:          attributes_mem_inst/U0/xst_blk_mem_generator/gnativebmg.native_blk_mem_gen/valid.cstr/ramloop[0].ram.r/s6_init.ram/TRUE_DP.PRIM18.ram (RAM)
  Requirement:          10.000ns
  Data Path Delay:      4.255ns (Levels of Logic = 0)
  Clock Path Skew:      -0.074ns (0.679 - 0.753)
  Source Clock:         bus_clk rising at 0.000ns
  Destination Clock:    bus_clk rising at 10.000ns
  Clock Uncertainty:    0.035ns

  Clock Uncertainty:          0.035ns  ((TSJ^2 + TIJ^2)^1/2 + DJ) / 2 + PE
    Total System Jitter (TSJ):  0.070ns
    Total Input Jitter (TIJ):   0.000ns
    Discrete Jitter (DJ):       0.000ns
    Phase Error (PE):           0.000ns

  Maximum Data Path at Slow Process Corner: bus_system_inst/chr_mem_bus_addr_out_9 to attributes_mem_inst/U0/xst_blk_mem_generator/gnativebmg.native_blk_mem_gen/valid.cstr/ramloop[0].ram.r/s6_init.ram/TRUE_DP.PRIM18.ram
    Location             Delay type         Delay(ns)  Physical Resource
                                                       Logical Resource(s)
    -------------------------------------------------  -------------------
    SLICE_X4Y17.DQ       Tcko                  0.525   bus_system_inst/chr_mem_bus_addr_out<9>
                                                       bus_system_inst/chr_mem_bus_addr_out_9
    RAMB16_X1Y20.ADDRA12 net (fanout=3)        3.330   bus_system_inst/chr_mem_bus_addr_out<9>
    RAMB16_X1Y20.CLKA    Trcck_ADDRA           0.400   attributes_mem_inst/U0/xst_blk_mem_generator/gnativebmg.native_blk_mem_gen/valid.cstr/ramloop[0].ram.r/s6_init.ram/TRUE_DP.PRIM18.ram
                                                       attributes_mem_inst/U0/xst_blk_mem_generator/gnativebmg.native_blk_mem_gen/valid.cstr/ramloop[0].ram.r/s6_init.ram/TRUE_DP.PRIM18.ram
    -------------------------------------------------  ---------------------------
    Total                                      4.255ns (0.925ns logic, 3.330ns route)
                                                       (21.7% logic, 78.3% route)

--------------------------------------------------------------------------------

Hold Paths: TS_clk_in = PERIOD TIMEGRP "clk_in" 100 MHz HIGH 50%;
--------------------------------------------------------------------------------

Paths for end point character_mem_inst/U0/xst_blk_mem_generator/gnativebmg.native_blk_mem_gen/valid.cstr/ramloop[0].ram.r/s6_init.ram/TRUE_DP.PRIM18.ram (RAMB16_X1Y18.WEA1), 1 path
--------------------------------------------------------------------------------
Slack (hold path):      0.401ns (requirement - (clock path skew + uncertainty - data path))
  Source:               bus_system_inst/chr_mem_we_out_0 (FF)
  Destination:          character_mem_inst/U0/xst_blk_mem_generator/gnativebmg.native_blk_mem_gen/valid.cstr/ramloop[0].ram.r/s6_init.ram/TRUE_DP.PRIM18.ram (RAM)
  Requirement:          0.000ns
  Data Path Delay:      0.410ns (Levels of Logic = 0)
  Clock Path Skew:      0.009ns (0.070 - 0.061)
  Source Clock:         bus_clk rising at 10.000ns
  Destination Clock:    bus_clk rising at 10.000ns
  Clock Uncertainty:    0.000ns

  Minimum Data Path at Fast Process Corner: bus_system_inst/chr_mem_we_out_0 to character_mem_inst/U0/xst_blk_mem_generator/gnativebmg.native_blk_mem_gen/valid.cstr/ramloop[0].ram.r/s6_init.ram/TRUE_DP.PRIM18.ram
    Location             Delay type         Delay(ns)  Physical Resource
                                                       Logical Resource(s)
    -------------------------------------------------  -------------------
    SLICE_X18Y39.AQ      Tcko                  0.200   bus_system_inst/chr_mem_we_out_0
                                                       bus_system_inst/chr_mem_we_out_0
    RAMB16_X1Y18.WEA1    net (fanout=4)        0.263   bus_system_inst/chr_mem_we_out_0
    RAMB16_X1Y18.CLKA    Trckc_WEA   (-Th)     0.053   character_mem_inst/U0/xst_blk_mem_generator/gnativebmg.native_blk_mem_gen/valid.cstr/ramloop[0].ram.r/s6_init.ram/TRUE_DP.PRIM18.ram
                                                       character_mem_inst/U0/xst_blk_mem_generator/gnativebmg.native_blk_mem_gen/valid.cstr/ramloop[0].ram.r/s6_init.ram/TRUE_DP.PRIM18.ram
    -------------------------------------------------  ---------------------------
    Total                                      0.410ns (0.147ns logic, 0.263ns route)
                                                       (35.9% logic, 64.1% route)

--------------------------------------------------------------------------------

Paths for end point character_mem_inst/U0/xst_blk_mem_generator/gnativebmg.native_blk_mem_gen/valid.cstr/ramloop[0].ram.r/s6_init.ram/TRUE_DP.PRIM18.ram (RAMB16_X1Y18.WEA2), 1 path
--------------------------------------------------------------------------------
Slack (hold path):      0.401ns (requirement - (clock path skew + uncertainty - data path))
  Source:               bus_system_inst/chr_mem_we_out_0 (FF)
  Destination:          character_mem_inst/U0/xst_blk_mem_generator/gnativebmg.native_blk_mem_gen/valid.cstr/ramloop[0].ram.r/s6_init.ram/TRUE_DP.PRIM18.ram (RAM)
  Requirement:          0.000ns
  Data Path Delay:      0.410ns (Levels of Logic = 0)
  Clock Path Skew:      0.009ns (0.070 - 0.061)
  Source Clock:         bus_clk rising at 10.000ns
  Destination Clock:    bus_clk rising at 10.000ns
  Clock Uncertainty:    0.000ns

  Minimum Data Path at Fast Process Corner: bus_system_inst/chr_mem_we_out_0 to character_mem_inst/U0/xst_blk_mem_generator/gnativebmg.native_blk_mem_gen/valid.cstr/ramloop[0].ram.r/s6_init.ram/TRUE_DP.PRIM18.ram
    Location             Delay type         Delay(ns)  Physical Resource
                                                       Logical Resource(s)
    -------------------------------------------------  -------------------
    SLICE_X18Y39.AQ      Tcko                  0.200   bus_system_inst/chr_mem_we_out_0
                                                       bus_system_inst/chr_mem_we_out_0
    RAMB16_X1Y18.WEA2    net (fanout=4)        0.263   bus_system_inst/chr_mem_we_out_0
    RAMB16_X1Y18.CLKA    Trckc_WEA   (-Th)     0.053   character_mem_inst/U0/xst_blk_mem_generator/gnativebmg.native_blk_mem_gen/valid.cstr/ramloop[0].ram.r/s6_init.ram/TRUE_DP.PRIM18.ram
                                                       character_mem_inst/U0/xst_blk_mem_generator/gnativebmg.native_blk_mem_gen/valid.cstr/ramloop[0].ram.r/s6_init.ram/TRUE_DP.PRIM18.ram
    -------------------------------------------------  ---------------------------
    Total                                      0.410ns (0.147ns logic, 0.263ns route)
                                                       (35.9% logic, 64.1% route)

--------------------------------------------------------------------------------

Paths for end point character_mem_inst/U0/xst_blk_mem_generator/gnativebmg.native_blk_mem_gen/valid.cstr/ramloop[0].ram.r/s6_init.ram/TRUE_DP.PRIM18.ram (RAMB16_X1Y18.WEA3), 1 path
--------------------------------------------------------------------------------
Slack (hold path):      0.401ns (requirement - (clock path skew + uncertainty - data path))
  Source:               bus_system_inst/chr_mem_we_out_0 (FF)
  Destination:          character_mem_inst/U0/xst_blk_mem_generator/gnativebmg.native_blk_mem_gen/valid.cstr/ramloop[0].ram.r/s6_init.ram/TRUE_DP.PRIM18.ram (RAM)
  Requirement:          0.000ns
  Data Path Delay:      0.410ns (Levels of Logic = 0)
  Clock Path Skew:      0.009ns (0.070 - 0.061)
  Source Clock:         bus_clk rising at 10.000ns
  Destination Clock:    bus_clk rising at 10.000ns
  Clock Uncertainty:    0.000ns

  Minimum Data Path at Fast Process Corner: bus_system_inst/chr_mem_we_out_0 to character_mem_inst/U0/xst_blk_mem_generator/gnativebmg.native_blk_mem_gen/valid.cstr/ramloop[0].ram.r/s6_init.ram/TRUE_DP.PRIM18.ram
    Location             Delay type         Delay(ns)  Physical Resource
                                                       Logical Resource(s)
    -------------------------------------------------  -------------------
    SLICE_X18Y39.AQ      Tcko                  0.200   bus_system_inst/chr_mem_we_out_0
                                                       bus_system_inst/chr_mem_we_out_0
    RAMB16_X1Y18.WEA3    net (fanout=4)        0.263   bus_system_inst/chr_mem_we_out_0
    RAMB16_X1Y18.CLKA    Trckc_WEA   (-Th)     0.053   character_mem_inst/U0/xst_blk_mem_generator/gnativebmg.native_blk_mem_gen/valid.cstr/ramloop[0].ram.r/s6_init.ram/TRUE_DP.PRIM18.ram
                                                       character_mem_inst/U0/xst_blk_mem_generator/gnativebmg.native_blk_mem_gen/valid.cstr/ramloop[0].ram.r/s6_init.ram/TRUE_DP.PRIM18.ram
    -------------------------------------------------  ---------------------------
    Total                                      0.410ns (0.147ns logic, 0.263ns route)
                                                       (35.9% logic, 64.1% route)

--------------------------------------------------------------------------------

Component Switching Limit Checks: TS_clk_in = PERIOD TIMEGRP "clk_in" 100 MHz HIGH 50%;
--------------------------------------------------------------------------------
Slack: 2.630ns (max period limit - period)
  Period: 50.000ns
  Max period limit: 52.630ns (19.001MHz) (Tpllper_CLKFB)
  Physical resource: clock_system_inst/clk_wiz_inst/pll_base_inst/PLL_ADV/CLKFBOUT
  Logical resource: clock_system_inst/clk_wiz_inst/pll_base_inst/PLL_ADV/CLKFBOUT
  Location pin: PLL_ADV_X0Y0.CLKFBOUT
  Clock network: clock_system_inst/clk_wiz_inst/clkfbout
--------------------------------------------------------------------------------
Slack: 6.430ns (period - min period limit)
  Period: 10.000ns
  Min period limit: 3.570ns (280.112MHz) (Trper_CLKA(Fmax))
  Physical resource: pcg_mem_inst/U0/xst_blk_mem_generator/gnativebmg.native_blk_mem_gen/valid.cstr/ramloop[0].ram.r/s6_noinit.ram/TRUE_DP.PRIM18.ram/CLKA
  Logical resource: pcg_mem_inst/U0/xst_blk_mem_generator/gnativebmg.native_blk_mem_gen/valid.cstr/ramloop[0].ram.r/s6_noinit.ram/TRUE_DP.PRIM18.ram/CLKA
  Location pin: RAMB16_X0Y16.CLKA
  Clock network: bus_clk
--------------------------------------------------------------------------------
Slack: 6.430ns (period - min period limit)
  Period: 10.000ns
  Min period limit: 3.570ns (280.112MHz) (Trper_CLKA(Fmax))
  Physical resource: attributes_mem_inst/U0/xst_blk_mem_generator/gnativebmg.native_blk_mem_gen/valid.cstr/ramloop[0].ram.r/s6_init.ram/TRUE_DP.PRIM18.ram/CLKA
  Logical resource: attributes_mem_inst/U0/xst_blk_mem_generator/gnativebmg.native_blk_mem_gen/valid.cstr/ramloop[0].ram.r/s6_init.ram/TRUE_DP.PRIM18.ram/CLKA
  Location pin: RAMB16_X1Y20.CLKA
  Clock network: bus_clk
--------------------------------------------------------------------------------

================================================================================
Timing constraint: TS_clock_system_inst_clk_wiz_inst_clkout0 = PERIOD TIMEGRP   
      "clock_system_inst_clk_wiz_inst_clkout0" TS_clk_in * 0.251851852 HIGH     
    50%;
For more information, see Period Analysis in the Timing Closure User Guide (UG612).

 1820 paths analyzed, 438 endpoints analyzed, 0 failing endpoints
 0 timing errors detected. (0 setup errors, 0 hold errors, 0 component switching limit errors)
 Minimum period is   5.460ns.
--------------------------------------------------------------------------------

Paths for end point pixel_data (SLICE_X8Y31.A6), 13 paths
--------------------------------------------------------------------------------
Slack (setup path):     34.245ns (requirement - (data path - clock path skew + uncertainty))
  Source:               gra_gen_rom_inst/U0/xst_blk_mem_generator/gnativebmg.native_blk_mem_gen/valid.cstr/ramloop[1].ram.r/s6_init.ram/SP.SIMPLE_PRIM18.ram (RAM)
  Destination:          pixel_data (FF)
  Requirement:          39.705ns
  Data Path Delay:      5.301ns (Levels of Logic = 2)
  Clock Path Skew:      0.011ns (0.629 - 0.618)
  Source Clock:         clk rising at 0.000ns
  Destination Clock:    clk rising at 39.705ns
  Clock Uncertainty:    0.170ns

  Clock Uncertainty:          0.170ns  ((TSJ^2 + DJ^2)^1/2) / 2 + PE
    Total System Jitter (TSJ):  0.070ns
    Discrete Jitter (DJ):       0.332ns
    Phase Error (PE):           0.000ns

  Maximum Data Path at Slow Process Corner: gra_gen_rom_inst/U0/xst_blk_mem_generator/gnativebmg.native_blk_mem_gen/valid.cstr/ramloop[1].ram.r/s6_init.ram/SP.SIMPLE_PRIM18.ram to pixel_data
    Location             Delay type         Delay(ns)  Physical Resource
                                                       Logical Resource(s)
    -------------------------------------------------  -------------------
    RAMB16_X1Y10.DOA2    Trcko_DOA             2.100   gra_gen_rom_inst/U0/xst_blk_mem_generator/gnativebmg.native_blk_mem_gen/valid.cstr/ramloop[1].ram.r/s6_init.ram/SP.SIMPLE_PRIM18.ram
                                                       gra_gen_rom_inst/U0/xst_blk_mem_generator/gnativebmg.native_blk_mem_gen/valid.cstr/ramloop[1].ram.r/s6_init.ram/SP.SIMPLE_PRIM18.ram
    SLICE_X16Y24.C1      net (fanout=1)        1.209   gra_gen_rom_data<6>
    SLICE_X16Y24.CMUX    Tilo                  0.430   pixel_addr[2]_gra_gen_rom_data[7]_Mux_3_o
                                                       Mmux_pixel_addr[2]_gra_gen_rom_data[7]_Mux_3_o_3
                                                       Mmux_pixel_addr[2]_gra_gen_rom_data[7]_Mux_3_o_2_f7
    SLICE_X8Y31.A6       net (fanout=1)        1.223   pixel_addr[2]_gra_gen_rom_data[7]_Mux_3_o
    SLICE_X8Y31.CLK      Tas                   0.339   pixel_data
                                                       Mmux_attr_s4[2]_pixel_data_Mux_5_o11
                                                       pixel_data
    -------------------------------------------------  ---------------------------
    Total                                      5.301ns (2.869ns logic, 2.432ns route)
                                                       (54.1% logic, 45.9% route)

--------------------------------------------------------------------------------
Slack (setup path):     34.383ns (requirement - (data path - clock path skew + uncertainty))
  Source:               gra_gen_rom_inst/U0/xst_blk_mem_generator/gnativebmg.native_blk_mem_gen/valid.cstr/ramloop[1].ram.r/s6_init.ram/SP.SIMPLE_PRIM18.ram (RAM)
  Destination:          pixel_data (FF)
  Requirement:          39.705ns
  Data Path Delay:      5.163ns (Levels of Logic = 2)
  Clock Path Skew:      0.011ns (0.629 - 0.618)
  Source Clock:         clk rising at 0.000ns
  Destination Clock:    clk rising at 39.705ns
  Clock Uncertainty:    0.170ns

  Clock Uncertainty:          0.170ns  ((TSJ^2 + DJ^2)^1/2) / 2 + PE
    Total System Jitter (TSJ):  0.070ns
    Discrete Jitter (DJ):       0.332ns
    Phase Error (PE):           0.000ns

  Maximum Data Path at Slow Process Corner: gra_gen_rom_inst/U0/xst_blk_mem_generator/gnativebmg.native_blk_mem_gen/valid.cstr/ramloop[1].ram.r/s6_init.ram/SP.SIMPLE_PRIM18.ram to pixel_data
    Location             Delay type         Delay(ns)  Physical Resource
                                                       Logical Resource(s)
    -------------------------------------------------  -------------------
    RAMB16_X1Y10.DOA1    Trcko_DOA             2.100   gra_gen_rom_inst/U0/xst_blk_mem_generator/gnativebmg.native_blk_mem_gen/valid.cstr/ramloop[1].ram.r/s6_init.ram/SP.SIMPLE_PRIM18.ram
                                                       gra_gen_rom_inst/U0/xst_blk_mem_generator/gnativebmg.native_blk_mem_gen/valid.cstr/ramloop[1].ram.r/s6_init.ram/SP.SIMPLE_PRIM18.ram
    SLICE_X16Y24.C5      net (fanout=1)        1.071   gra_gen_rom_data<5>
    SLICE_X16Y24.CMUX    Tilo                  0.430   pixel_addr[2]_gra_gen_rom_data[7]_Mux_3_o
                                                       Mmux_pixel_addr[2]_gra_gen_rom_data[7]_Mux_3_o_3
                                                       Mmux_pixel_addr[2]_gra_gen_rom_data[7]_Mux_3_o_2_f7
    SLICE_X8Y31.A6       net (fanout=1)        1.223   pixel_addr[2]_gra_gen_rom_data[7]_Mux_3_o
    SLICE_X8Y31.CLK      Tas                   0.339   pixel_data
                                                       Mmux_attr_s4[2]_pixel_data_Mux_5_o11
                                                       pixel_data
    -------------------------------------------------  ---------------------------
    Total                                      5.163ns (2.869ns logic, 2.294ns route)
                                                       (55.6% logic, 44.4% route)

--------------------------------------------------------------------------------
Slack (setup path):     34.406ns (requirement - (data path - clock path skew + uncertainty))
  Source:               gra_gen_rom_inst/U0/xst_blk_mem_generator/gnativebmg.native_blk_mem_gen/valid.cstr/ramloop[0].ram.r/s6_init.ram/SP.SIMPLE_PRIM18.ram (RAM)
  Destination:          pixel_data (FF)
  Requirement:          39.705ns
  Data Path Delay:      5.143ns (Levels of Logic = 2)
  Clock Path Skew:      0.014ns (0.629 - 0.615)
  Source Clock:         clk rising at 0.000ns
  Destination Clock:    clk rising at 39.705ns
  Clock Uncertainty:    0.170ns

  Clock Uncertainty:          0.170ns  ((TSJ^2 + DJ^2)^1/2) / 2 + PE
    Total System Jitter (TSJ):  0.070ns
    Discrete Jitter (DJ):       0.332ns
    Phase Error (PE):           0.000ns

  Maximum Data Path at Slow Process Corner: gra_gen_rom_inst/U0/xst_blk_mem_generator/gnativebmg.native_blk_mem_gen/valid.cstr/ramloop[0].ram.r/s6_init.ram/SP.SIMPLE_PRIM18.ram to pixel_data
    Location             Delay type         Delay(ns)  Physical Resource
                                                       Logical Resource(s)
    -------------------------------------------------  -------------------
    RAMB16_X1Y12.DOA3    Trcko_DOA             2.100   gra_gen_rom_inst/U0/xst_blk_mem_generator/gnativebmg.native_blk_mem_gen/valid.cstr/ramloop[0].ram.r/s6_init.ram/SP.SIMPLE_PRIM18.ram
                                                       gra_gen_rom_inst/U0/xst_blk_mem_generator/gnativebmg.native_blk_mem_gen/valid.cstr/ramloop[0].ram.r/s6_init.ram/SP.SIMPLE_PRIM18.ram
    SLICE_X16Y24.D1      net (fanout=1)        1.025   gra_gen_rom_data<3>
    SLICE_X16Y24.CMUX    Topdc                 0.456   pixel_addr[2]_gra_gen_rom_data[7]_Mux_3_o
                                                       Mmux_pixel_addr[2]_gra_gen_rom_data[7]_Mux_3_o_4
                                                       Mmux_pixel_addr[2]_gra_gen_rom_data[7]_Mux_3_o_2_f7
    SLICE_X8Y31.A6       net (fanout=1)        1.223   pixel_addr[2]_gra_gen_rom_data[7]_Mux_3_o
    SLICE_X8Y31.CLK      Tas                   0.339   pixel_data
                                                       Mmux_attr_s4[2]_pixel_data_Mux_5_o11
                                                       pixel_data
    -------------------------------------------------  ---------------------------
    Total                                      5.143ns (2.895ns logic, 2.248ns route)
                                                       (56.3% logic, 43.7% route)

--------------------------------------------------------------------------------

Paths for end point pixel_data (SLICE_X8Y31.A2), 13 paths
--------------------------------------------------------------------------------
Slack (setup path):     34.375ns (requirement - (data path - clock path skew + uncertainty))
  Source:               pcg_mem_inst/U0/xst_blk_mem_generator/gnativebmg.native_blk_mem_gen/valid.cstr/ramloop[0].ram.r/s6_noinit.ram/TRUE_DP.PRIM18.ram (RAM)
  Destination:          pixel_data (FF)
  Requirement:          39.705ns
  Data Path Delay:      5.117ns (Levels of Logic = 2)
  Clock Path Skew:      -0.043ns (0.717 - 0.760)
  Source Clock:         clk rising at 0.000ns
  Destination Clock:    clk rising at 39.705ns
  Clock Uncertainty:    0.170ns

  Clock Uncertainty:          0.170ns  ((TSJ^2 + DJ^2)^1/2) / 2 + PE
    Total System Jitter (TSJ):  0.070ns
    Discrete Jitter (DJ):       0.332ns
    Phase Error (PE):           0.000ns

  Maximum Data Path at Slow Process Corner: pcg_mem_inst/U0/xst_blk_mem_generator/gnativebmg.native_blk_mem_gen/valid.cstr/ramloop[0].ram.r/s6_noinit.ram/TRUE_DP.PRIM18.ram to pixel_data
    Location             Delay type         Delay(ns)  Physical Resource
                                                       Logical Resource(s)
    -------------------------------------------------  -------------------
    RAMB16_X0Y16.DOB7    Trcko_DOB             2.100   pcg_mem_inst/U0/xst_blk_mem_generator/gnativebmg.native_blk_mem_gen/valid.cstr/ramloop[0].ram.r/s6_noinit.ram/TRUE_DP.PRIM18.ram
                                                       pcg_mem_inst/U0/xst_blk_mem_generator/gnativebmg.native_blk_mem_gen/valid.cstr/ramloop[0].ram.r/s6_noinit.ram/TRUE_DP.PRIM18.ram
    SLICE_X8Y31.C3       net (fanout=1)        1.507   pcg_mem_vga_rd_data<7>
    SLICE_X8Y31.CMUX     Tilo                  0.430   pixel_data
                                                       Mmux_pixel_addr[2]_pcg_mem_vga_rd_data[7]_Mux_4_o_3
                                                       Mmux_pixel_addr[2]_pcg_mem_vga_rd_data[7]_Mux_4_o_2_f7
    SLICE_X8Y31.A2       net (fanout=1)        0.741   pixel_addr[2]_pcg_mem_vga_rd_data[7]_Mux_4_o
    SLICE_X8Y31.CLK      Tas                   0.339   pixel_data
                                                       Mmux_attr_s4[2]_pixel_data_Mux_5_o11
                                                       pixel_data
    -------------------------------------------------  ---------------------------
    Total                                      5.117ns (2.869ns logic, 2.248ns route)
                                                       (56.1% logic, 43.9% route)

--------------------------------------------------------------------------------
Slack (setup path):     34.495ns (requirement - (data path - clock path skew + uncertainty))
  Source:               pcg_mem_inst/U0/xst_blk_mem_generator/gnativebmg.native_blk_mem_gen/valid.cstr/ramloop[0].ram.r/s6_noinit.ram/TRUE_DP.PRIM18.ram (RAM)
  Destination:          pixel_data (FF)
  Requirement:          39.705ns
  Data Path Delay:      4.997ns (Levels of Logic = 2)
  Clock Path Skew:      -0.043ns (0.717 - 0.760)
  Source Clock:         clk rising at 0.000ns
  Destination Clock:    clk rising at 39.705ns
  Clock Uncertainty:    0.170ns

  Clock Uncertainty:          0.170ns  ((TSJ^2 + DJ^2)^1/2) / 2 + PE
    Total System Jitter (TSJ):  0.070ns
    Discrete Jitter (DJ):       0.332ns
    Phase Error (PE):           0.000ns

  Maximum Data Path at Slow Process Corner: pcg_mem_inst/U0/xst_blk_mem_generator/gnativebmg.native_blk_mem_gen/valid.cstr/ramloop[0].ram.r/s6_noinit.ram/TRUE_DP.PRIM18.ram to pixel_data
    Location             Delay type         Delay(ns)  Physical Resource
                                                       Logical Resource(s)
    -------------------------------------------------  -------------------
    RAMB16_X0Y16.DOB1    Trcko_DOB             2.100   pcg_mem_inst/U0/xst_blk_mem_generator/gnativebmg.native_blk_mem_gen/valid.cstr/ramloop[0].ram.r/s6_noinit.ram/TRUE_DP.PRIM18.ram
                                                       pcg_mem_inst/U0/xst_blk_mem_generator/gnativebmg.native_blk_mem_gen/valid.cstr/ramloop[0].ram.r/s6_noinit.ram/TRUE_DP.PRIM18.ram
    SLICE_X8Y31.D5       net (fanout=1)        1.361   pcg_mem_vga_rd_data<1>
    SLICE_X8Y31.CMUX     Topdc                 0.456   pixel_data
                                                       Mmux_pixel_addr[2]_pcg_mem_vga_rd_data[7]_Mux_4_o_4
                                                       Mmux_pixel_addr[2]_pcg_mem_vga_rd_data[7]_Mux_4_o_2_f7
    SLICE_X8Y31.A2       net (fanout=1)        0.741   pixel_addr[2]_pcg_mem_vga_rd_data[7]_Mux_4_o
    SLICE_X8Y31.CLK      Tas                   0.339   pixel_data
                                                       Mmux_attr_s4[2]_pixel_data_Mux_5_o11
                                                       pixel_data
    -------------------------------------------------  ---------------------------
    Total                                      4.997ns (2.895ns logic, 2.102ns route)
                                                       (57.9% logic, 42.1% route)

--------------------------------------------------------------------------------
Slack (setup path):     34.570ns (requirement - (data path - clock path skew + uncertainty))
  Source:               pcg_mem_inst/U0/xst_blk_mem_generator/gnativebmg.native_blk_mem_gen/valid.cstr/ramloop[0].ram.r/s6_noinit.ram/TRUE_DP.PRIM18.ram (RAM)
  Destination:          pixel_data (FF)
  Requirement:          39.705ns
  Data Path Delay:      4.922ns (Levels of Logic = 2)
  Clock Path Skew:      -0.043ns (0.717 - 0.760)
  Source Clock:         clk rising at 0.000ns
  Destination Clock:    clk rising at 39.705ns
  Clock Uncertainty:    0.170ns

  Clock Uncertainty:          0.170ns  ((TSJ^2 + DJ^2)^1/2) / 2 + PE
    Total System Jitter (TSJ):  0.070ns
    Discrete Jitter (DJ):       0.332ns
    Phase Error (PE):           0.000ns

  Maximum Data Path at Slow Process Corner: pcg_mem_inst/U0/xst_blk_mem_generator/gnativebmg.native_blk_mem_gen/valid.cstr/ramloop[0].ram.r/s6_noinit.ram/TRUE_DP.PRIM18.ram to pixel_data
    Location             Delay type         Delay(ns)  Physical Resource
                                                       Logical Resource(s)
    -------------------------------------------------  -------------------
    RAMB16_X0Y16.DOB6    Trcko_DOB             2.100   pcg_mem_inst/U0/xst_blk_mem_generator/gnativebmg.native_blk_mem_gen/valid.cstr/ramloop[0].ram.r/s6_noinit.ram/TRUE_DP.PRIM18.ram
                                                       pcg_mem_inst/U0/xst_blk_mem_generator/gnativebmg.native_blk_mem_gen/valid.cstr/ramloop[0].ram.r/s6_noinit.ram/TRUE_DP.PRIM18.ram
    SLICE_X8Y31.C2       net (fanout=1)        1.312   pcg_mem_vga_rd_data<6>
    SLICE_X8Y31.CMUX     Tilo                  0.430   pixel_data
                                                       Mmux_pixel_addr[2]_pcg_mem_vga_rd_data[7]_Mux_4_o_3
                                                       Mmux_pixel_addr[2]_pcg_mem_vga_rd_data[7]_Mux_4_o_2_f7
    SLICE_X8Y31.A2       net (fanout=1)        0.741   pixel_addr[2]_pcg_mem_vga_rd_data[7]_Mux_4_o
    SLICE_X8Y31.CLK      Tas                   0.339   pixel_data
                                                       Mmux_attr_s4[2]_pixel_data_Mux_5_o11
                                                       pixel_data
    -------------------------------------------------  ---------------------------
    Total                                      4.922ns (2.869ns logic, 2.053ns route)
                                                       (58.3% logic, 41.7% route)

--------------------------------------------------------------------------------

Paths for end point pixel_data (SLICE_X8Y31.A3), 13 paths
--------------------------------------------------------------------------------
Slack (setup path):     34.493ns (requirement - (data path - clock path skew + uncertainty))
  Source:               chr_gen_rom_inst/U0/xst_blk_mem_generator/gnativebmg.native_blk_mem_gen/valid.cstr/ramloop[1].ram.r/s6_init.ram/SP.SIMPLE_PRIM18.ram (RAM)
  Destination:          pixel_data (FF)
  Requirement:          39.705ns
  Data Path Delay:      5.041ns (Levels of Logic = 2)
  Clock Path Skew:      -0.001ns (0.717 - 0.718)
  Source Clock:         clk rising at 0.000ns
  Destination Clock:    clk rising at 39.705ns
  Clock Uncertainty:    0.170ns

  Clock Uncertainty:          0.170ns  ((TSJ^2 + DJ^2)^1/2) / 2 + PE
    Total System Jitter (TSJ):  0.070ns
    Discrete Jitter (DJ):       0.332ns
    Phase Error (PE):           0.000ns

  Maximum Data Path at Slow Process Corner: chr_gen_rom_inst/U0/xst_blk_mem_generator/gnativebmg.native_blk_mem_gen/valid.cstr/ramloop[1].ram.r/s6_init.ram/SP.SIMPLE_PRIM18.ram to pixel_data
    Location             Delay type         Delay(ns)  Physical Resource
                                                       Logical Resource(s)
    -------------------------------------------------  -------------------
    RAMB16_X1Y16.DOA3    Trcko_DOA             2.100   chr_gen_rom_inst/U0/xst_blk_mem_generator/gnativebmg.native_blk_mem_gen/valid.cstr/ramloop[1].ram.r/s6_init.ram/SP.SIMPLE_PRIM18.ram
                                                       chr_gen_rom_inst/U0/xst_blk_mem_generator/gnativebmg.native_blk_mem_gen/valid.cstr/ramloop[1].ram.r/s6_init.ram/SP.SIMPLE_PRIM18.ram
    SLICE_X18Y31.C2      net (fanout=1)        1.116   chr_gen_rom_data<7>
    SLICE_X18Y31.CMUX    Tilo                  0.403   pixel_addr[2]_chr_gen_rom_data[7]_Mux_2_o
                                                       Mmux_pixel_addr[2]_chr_gen_rom_data[7]_Mux_2_o_3
                                                       Mmux_pixel_addr[2]_chr_gen_rom_data[7]_Mux_2_o_2_f7
    SLICE_X8Y31.A3       net (fanout=1)        1.083   pixel_addr[2]_chr_gen_rom_data[7]_Mux_2_o
    SLICE_X8Y31.CLK      Tas                   0.339   pixel_data
                                                       Mmux_attr_s4[2]_pixel_data_Mux_5_o11
                                                       pixel_data
    -------------------------------------------------  ---------------------------
    Total                                      5.041ns (2.842ns logic, 2.199ns route)
                                                       (56.4% logic, 43.6% route)

--------------------------------------------------------------------------------
Slack (setup path):     34.553ns (requirement - (data path - clock path skew + uncertainty))
  Source:               chr_gen_rom_inst/U0/xst_blk_mem_generator/gnativebmg.native_blk_mem_gen/valid.cstr/ramloop[0].ram.r/s6_init.ram/SP.SIMPLE_PRIM18.ram (RAM)
  Destination:          pixel_data (FF)
  Requirement:          39.705ns
  Data Path Delay:      4.987ns (Levels of Logic = 2)
  Clock Path Skew:      0.005ns (0.629 - 0.624)
  Source Clock:         clk rising at 0.000ns
  Destination Clock:    clk rising at 39.705ns
  Clock Uncertainty:    0.170ns

  Clock Uncertainty:          0.170ns  ((TSJ^2 + DJ^2)^1/2) / 2 + PE
    Total System Jitter (TSJ):  0.070ns
    Discrete Jitter (DJ):       0.332ns
    Phase Error (PE):           0.000ns

  Maximum Data Path at Slow Process Corner: chr_gen_rom_inst/U0/xst_blk_mem_generator/gnativebmg.native_blk_mem_gen/valid.cstr/ramloop[0].ram.r/s6_init.ram/SP.SIMPLE_PRIM18.ram to pixel_data
    Location             Delay type         Delay(ns)  Physical Resource
                                                       Logical Resource(s)
    -------------------------------------------------  -------------------
    RAMB16_X1Y14.DOA1    Trcko_DOA             2.100   chr_gen_rom_inst/U0/xst_blk_mem_generator/gnativebmg.native_blk_mem_gen/valid.cstr/ramloop[0].ram.r/s6_init.ram/SP.SIMPLE_PRIM18.ram
                                                       chr_gen_rom_inst/U0/xst_blk_mem_generator/gnativebmg.native_blk_mem_gen/valid.cstr/ramloop[0].ram.r/s6_init.ram/SP.SIMPLE_PRIM18.ram
    SLICE_X18Y31.D5      net (fanout=1)        1.063   chr_gen_rom_data<1>
    SLICE_X18Y31.CMUX    Topdc                 0.402   pixel_addr[2]_chr_gen_rom_data[7]_Mux_2_o
                                                       Mmux_pixel_addr[2]_chr_gen_rom_data[7]_Mux_2_o_4
                                                       Mmux_pixel_addr[2]_chr_gen_rom_data[7]_Mux_2_o_2_f7
    SLICE_X8Y31.A3       net (fanout=1)        1.083   pixel_addr[2]_chr_gen_rom_data[7]_Mux_2_o
    SLICE_X8Y31.CLK      Tas                   0.339   pixel_data
                                                       Mmux_attr_s4[2]_pixel_data_Mux_5_o11
                                                       pixel_data
    -------------------------------------------------  ---------------------------
    Total                                      4.987ns (2.841ns logic, 2.146ns route)
                                                       (57.0% logic, 43.0% route)

--------------------------------------------------------------------------------
Slack (setup path):     34.638ns (requirement - (data path - clock path skew + uncertainty))
  Source:               chr_gen_rom_inst/U0/xst_blk_mem_generator/gnativebmg.native_blk_mem_gen/valid.cstr/ramloop[1].ram.r/s6_init.ram/SP.SIMPLE_PRIM18.ram (RAM)
  Destination:          pixel_data (FF)
  Requirement:          39.705ns
  Data Path Delay:      4.896ns (Levels of Logic = 2)
  Clock Path Skew:      -0.001ns (0.717 - 0.718)
  Source Clock:         clk rising at 0.000ns
  Destination Clock:    clk rising at 39.705ns
  Clock Uncertainty:    0.170ns

  Clock Uncertainty:          0.170ns  ((TSJ^2 + DJ^2)^1/2) / 2 + PE
    Total System Jitter (TSJ):  0.070ns
    Discrete Jitter (DJ):       0.332ns
    Phase Error (PE):           0.000ns

  Maximum Data Path at Slow Process Corner: chr_gen_rom_inst/U0/xst_blk_mem_generator/gnativebmg.native_blk_mem_gen/valid.cstr/ramloop[1].ram.r/s6_init.ram/SP.SIMPLE_PRIM18.ram to pixel_data
    Location             Delay type         Delay(ns)  Physical Resource
                                                       Logical Resource(s)
    -------------------------------------------------  -------------------
    RAMB16_X1Y16.DOA0    Trcko_DOA             2.100   chr_gen_rom_inst/U0/xst_blk_mem_generator/gnativebmg.native_blk_mem_gen/valid.cstr/ramloop[1].ram.r/s6_init.ram/SP.SIMPLE_PRIM18.ram
                                                       chr_gen_rom_inst/U0/xst_blk_mem_generator/gnativebmg.native_blk_mem_gen/valid.cstr/ramloop[1].ram.r/s6_init.ram/SP.SIMPLE_PRIM18.ram
    SLICE_X18Y31.C3      net (fanout=1)        0.971   chr_gen_rom_data<4>
    SLICE_X18Y31.CMUX    Tilo                  0.403   pixel_addr[2]_chr_gen_rom_data[7]_Mux_2_o
                                                       Mmux_pixel_addr[2]_chr_gen_rom_data[7]_Mux_2_o_3
                                                       Mmux_pixel_addr[2]_chr_gen_rom_data[7]_Mux_2_o_2_f7
    SLICE_X8Y31.A3       net (fanout=1)        1.083   pixel_addr[2]_chr_gen_rom_data[7]_Mux_2_o
    SLICE_X8Y31.CLK      Tas                   0.339   pixel_data
                                                       Mmux_attr_s4[2]_pixel_data_Mux_5_o11
                                                       pixel_data
    -------------------------------------------------  ---------------------------
    Total                                      4.896ns (2.842ns logic, 2.054ns route)
                                                       (58.0% logic, 42.0% route)

--------------------------------------------------------------------------------

Hold Paths: TS_clock_system_inst_clk_wiz_inst_clkout0 = PERIOD TIMEGRP
        "clock_system_inst_clk_wiz_inst_clkout0" TS_clk_in * 0.251851852 HIGH
        50%;
--------------------------------------------------------------------------------

Paths for end point character_mem_inst/U0/xst_blk_mem_generator/gnativebmg.native_blk_mem_gen/valid.cstr/ramloop[0].ram.r/s6_init.ram/TRUE_DP.PRIM18.ram (RAMB16_X1Y18.ADDRB8), 1 path
--------------------------------------------------------------------------------
Slack (hold path):      0.364ns (requirement - (clock path skew + uncertainty - data path))
  Source:               haddr_s1_8 (FF)
  Destination:          character_mem_inst/U0/xst_blk_mem_generator/gnativebmg.native_blk_mem_gen/valid.cstr/ramloop[0].ram.r/s6_init.ram/TRUE_DP.PRIM18.ram (RAM)
  Requirement:          0.000ns
  Data Path Delay:      0.371ns (Levels of Logic = 0)
  Clock Path Skew:      0.007ns (0.070 - 0.063)
  Source Clock:         clk rising at 0.000ns
  Destination Clock:    clk rising at 0.000ns
  Clock Uncertainty:    0.000ns

  Minimum Data Path at Fast Process Corner: haddr_s1_8 to character_mem_inst/U0/xst_blk_mem_generator/gnativebmg.native_blk_mem_gen/valid.cstr/ramloop[0].ram.r/s6_init.ram/TRUE_DP.PRIM18.ram
    Location             Delay type         Delay(ns)  Physical Resource
                                                       Logical Resource(s)
    -------------------------------------------------  -------------------
    SLICE_X16Y38.DMUX    Tshcko                0.266   haddr_s1<3>
                                                       haddr_s1_8
    RAMB16_X1Y18.ADDRB8  net (fanout=2)        0.171   haddr_s1<8>
    RAMB16_X1Y18.CLKB    Trckc_ADDRB (-Th)     0.066   character_mem_inst/U0/xst_blk_mem_generator/gnativebmg.native_blk_mem_gen/valid.cstr/ramloop[0].ram.r/s6_init.ram/TRUE_DP.PRIM18.ram
                                                       character_mem_inst/U0/xst_blk_mem_generator/gnativebmg.native_blk_mem_gen/valid.cstr/ramloop[0].ram.r/s6_init.ram/TRUE_DP.PRIM18.ram
    -------------------------------------------------  ---------------------------
    Total                                      0.371ns (0.200ns logic, 0.171ns route)
                                                       (53.9% logic, 46.1% route)

--------------------------------------------------------------------------------

Paths for end point chr_gen_rom_inst/U0/xst_blk_mem_generator/gnativebmg.native_blk_mem_gen/valid.cstr/ramloop[1].ram.r/s6_init.ram/SP.SIMPLE_PRIM18.ram (RAMB16_X1Y16.ADDRA11), 1 path
--------------------------------------------------------------------------------
Slack (hold path):      0.365ns (requirement - (clock path skew + uncertainty - data path))
  Source:               chr_gen_rom_addr_9 (FF)
  Destination:          chr_gen_rom_inst/U0/xst_blk_mem_generator/gnativebmg.native_blk_mem_gen/valid.cstr/ramloop[1].ram.r/s6_init.ram/SP.SIMPLE_PRIM18.ram (RAM)
  Requirement:          0.000ns
  Data Path Delay:      0.370ns (Levels of Logic = 0)
  Clock Path Skew:      0.005ns (0.077 - 0.072)
  Source Clock:         clk rising at 0.000ns
  Destination Clock:    clk rising at 0.000ns
  Clock Uncertainty:    0.000ns

  Minimum Data Path at Fast Process Corner: chr_gen_rom_addr_9 to chr_gen_rom_inst/U0/xst_blk_mem_generator/gnativebmg.native_blk_mem_gen/valid.cstr/ramloop[1].ram.r/s6_init.ram/SP.SIMPLE_PRIM18.ram
    Location             Delay type         Delay(ns)  Physical Resource
                                                       Logical Resource(s)
    -------------------------------------------------  -------------------
    SLICE_X18Y34.BQ      Tcko                  0.200   chr_gen_rom_addr<11>
                                                       chr_gen_rom_addr_9
    RAMB16_X1Y16.ADDRA11 net (fanout=5)        0.236   chr_gen_rom_addr<9>
    RAMB16_X1Y16.CLKA    Trckc_ADDRA (-Th)     0.066   chr_gen_rom_inst/U0/xst_blk_mem_generator/gnativebmg.native_blk_mem_gen/valid.cstr/ramloop[1].ram.r/s6_init.ram/SP.SIMPLE_PRIM18.ram
                                                       chr_gen_rom_inst/U0/xst_blk_mem_generator/gnativebmg.native_blk_mem_gen/valid.cstr/ramloop[1].ram.r/s6_init.ram/SP.SIMPLE_PRIM18.ram
    -------------------------------------------------  ---------------------------
    Total                                      0.370ns (0.134ns logic, 0.236ns route)
                                                       (36.2% logic, 63.8% route)

--------------------------------------------------------------------------------

Paths for end point chr_gen_rom_inst/U0/xst_blk_mem_generator/gnativebmg.native_blk_mem_gen/valid.cstr/ramloop[1].ram.r/s6_init.ram/SP.SIMPLE_PRIM18.ram (RAMB16_X1Y16.ADDRA6), 1 path
--------------------------------------------------------------------------------
Slack (hold path):      0.366ns (requirement - (clock path skew + uncertainty - data path))
  Source:               chr_gen_rom_addr_4 (FF)
  Destination:          chr_gen_rom_inst/U0/xst_blk_mem_generator/gnativebmg.native_blk_mem_gen/valid.cstr/ramloop[1].ram.r/s6_init.ram/SP.SIMPLE_PRIM18.ram (RAM)
  Requirement:          0.000ns
  Data Path Delay:      0.371ns (Levels of Logic = 0)
  Clock Path Skew:      0.005ns (0.077 - 0.072)
  Source Clock:         clk rising at 0.000ns
  Destination Clock:    clk rising at 0.000ns
  Clock Uncertainty:    0.000ns

  Minimum Data Path at Fast Process Corner: chr_gen_rom_addr_4 to chr_gen_rom_inst/U0/xst_blk_mem_generator/gnativebmg.native_blk_mem_gen/valid.cstr/ramloop[1].ram.r/s6_init.ram/SP.SIMPLE_PRIM18.ram
    Location             Delay type         Delay(ns)  Physical Resource
                                                       Logical Resource(s)
    -------------------------------------------------  -------------------
    SLICE_X19Y34.AQ      Tcko                  0.198   chr_gen_rom_addr<7>
                                                       chr_gen_rom_addr_4
    RAMB16_X1Y16.ADDRA6  net (fanout=5)        0.239   chr_gen_rom_addr<4>
    RAMB16_X1Y16.CLKA    Trckc_ADDRA (-Th)     0.066   chr_gen_rom_inst/U0/xst_blk_mem_generator/gnativebmg.native_blk_mem_gen/valid.cstr/ramloop[1].ram.r/s6_init.ram/SP.SIMPLE_PRIM18.ram
                                                       chr_gen_rom_inst/U0/xst_blk_mem_generator/gnativebmg.native_blk_mem_gen/valid.cstr/ramloop[1].ram.r/s6_init.ram/SP.SIMPLE_PRIM18.ram
    -------------------------------------------------  ---------------------------
    Total                                      0.371ns (0.132ns logic, 0.239ns route)
                                                       (35.6% logic, 64.4% route)

--------------------------------------------------------------------------------

Component Switching Limit Checks: TS_clock_system_inst_clk_wiz_inst_clkout0 = PERIOD TIMEGRP
        "clock_system_inst_clk_wiz_inst_clkout0" TS_clk_in * 0.251851852 HIGH
        50%;
--------------------------------------------------------------------------------
Slack: 36.135ns (period - min period limit)
  Period: 39.705ns
  Min period limit: 3.570ns (280.112MHz) (Trper_CLKB(Fmax))
  Physical resource: pcg_mem_inst/U0/xst_blk_mem_generator/gnativebmg.native_blk_mem_gen/valid.cstr/ramloop[0].ram.r/s6_noinit.ram/TRUE_DP.PRIM18.ram/CLKB
  Logical resource: pcg_mem_inst/U0/xst_blk_mem_generator/gnativebmg.native_blk_mem_gen/valid.cstr/ramloop[0].ram.r/s6_noinit.ram/TRUE_DP.PRIM18.ram/CLKB
  Location pin: RAMB16_X0Y16.CLKB
  Clock network: clk
--------------------------------------------------------------------------------
Slack: 36.135ns (period - min period limit)
  Period: 39.705ns
  Min period limit: 3.570ns (280.112MHz) (Trper_CLKB(Fmax))
  Physical resource: attributes_mem_inst/U0/xst_blk_mem_generator/gnativebmg.native_blk_mem_gen/valid.cstr/ramloop[0].ram.r/s6_init.ram/TRUE_DP.PRIM18.ram/CLKB
  Logical resource: attributes_mem_inst/U0/xst_blk_mem_generator/gnativebmg.native_blk_mem_gen/valid.cstr/ramloop[0].ram.r/s6_init.ram/TRUE_DP.PRIM18.ram/CLKB
  Location pin: RAMB16_X1Y20.CLKB
  Clock network: clk
--------------------------------------------------------------------------------
Slack: 36.135ns (period - min period limit)
  Period: 39.705ns
  Min period limit: 3.570ns (280.112MHz) (Trper_CLKB(Fmax))
  Physical resource: character_mem_inst/U0/xst_blk_mem_generator/gnativebmg.native_blk_mem_gen/valid.cstr/ramloop[0].ram.r/s6_init.ram/TRUE_DP.PRIM18.ram/CLKB
  Logical resource: character_mem_inst/U0/xst_blk_mem_generator/gnativebmg.native_blk_mem_gen/valid.cstr/ramloop[0].ram.r/s6_init.ram/TRUE_DP.PRIM18.ram/CLKB
  Location pin: RAMB16_X1Y18.CLKB
  Clock network: clk
--------------------------------------------------------------------------------


Derived Constraint Report
Derived Constraints for TS_clk_in
+-------------------------------+-------------+-------------+-------------+-------------+-------------+-------------+-------------+
|                               |   Period    |       Actual Period       |      Timing Errors        |      Paths Analyzed       |
|           Constraint          | Requirement |-------------+-------------|-------------+-------------|-------------+-------------|
|                               |             |   Direct    | Derivative  |   Direct    | Derivative  |   Direct    | Derivative  |
+-------------------------------+-------------+-------------+-------------+-------------+-------------+-------------+-------------+
|TS_clk_in                      |     10.000ns|      4.728ns|      1.375ns|            0|            0|           86|         1820|
| TS_clock_system_inst_clk_wiz_i|     39.706ns|      5.460ns|          N/A|            0|            0|         1820|            0|
| nst_clkout0                   |             |             |             |             |             |             |             |
+-------------------------------+-------------+-------------+-------------+-------------+-------------+-------------+-------------+

All constraints were met.


Data Sheet report:
-----------------
All values displayed in nanoseconds (ns)

Clock to Setup on destination clock clk_in
---------------+---------+---------+---------+---------+
               | Src:Rise| Src:Fall| Src:Rise| Src:Fall|
Source Clock   |Dest:Rise|Dest:Rise|Dest:Fall|Dest:Fall|
---------------+---------+---------+---------+---------+
clk_in         |    5.460|         |         |         |
---------------+---------+---------+---------+---------+


Timing summary:
---------------

Timing errors: 0  Score: 0  (Setup/Max: 0, Hold: 0)

Constraints cover 1906 paths, 0 nets, and 666 connections

Design statistics:
   Minimum period:   5.460ns{1}   (Maximum frequency: 183.150MHz)


------------------------------------Footnotes-----------------------------------
1)  The minimum period statistic assumes all single cycle delays.

Analysis completed Sat Jun 03 20:28:31 2017 
--------------------------------------------------------------------------------

Trace Settings:
-------------------------
Trace Settings 

Peak Memory Usage: 146 MB



